# This file was generated by approval_tests. Please do not edit.

Text: {data: 'Testing 1, 2, 3, 4', count: 1}